This file contains any messages produced by compilers while
running configure, to aid debugging if configure makes a mistake.

It was created by 75fasmod configure 0.1.0, which was
generated by GNU Autoconf 2.72.  Invocation command line was

  $ ./configure --prefix=/home/woodard/.local

## --------- ##
## Platform. ##
## --------- ##

hostname = woodard-thinkstationp620.rmtusca.csb
uname -m = x86_64
uname -r = 7.1.8-200.fc44.x86_64
uname -s = Linux
uname -v = #1 SMP PREEMPT_DYNAMIC Mon Aug 10 03:35:23 UTC 2026

/usr/bin/uname -p = unknown
/bin/uname -X     = unknown

/bin/arch              = x86_64
/usr/bin/arch -k       = unknown
/usr/convex/getsysinfo = unknown
/usr/bin/hostinfo      = unknown
/bin/machine           = unknown
/usr/bin/oslevel       = unknown
/bin/universe          = unknown

PATH: /home/woodard/.local/bin/
PATH: /home/woodard/.local/bin/
PATH: /home/woodard/.local/bin/
PATH: /home/woodard/bin/
PATH: /usr/share/Modules/bin/
PATH: /usr/local/bin/
PATH: /usr/bin/


## ----------- ##
## Core tests. ##
## ----------- ##

configure:2417: looking for aux files: compile ar-lib missing install-sh
configure:2430:  trying ./
configure:2459:   ./compile found
configure:2459:   ./ar-lib found
configure:2459:   ./missing found
configure:2441:   ./install-sh found
configure:2589: checking for a BSD-compatible install
configure:2663: result: /usr/bin/install -c
configure:2674: checking whether sleep supports fractional seconds
configure:2690: result: yes
configure:2693: checking filesystem timestamp resolution
configure:2828: result: 0.01
configure:2833: checking whether build environment is sane
configure:2878: result: yes
configure:3049: checking for a race-free mkdir -p
configure:3092: result: /usr/bin/mkdir -p
configure:3099: checking for gawk
configure:3120: found /usr/bin/gawk
configure:3132: result: gawk
configure:3143: checking whether make sets $(MAKE)
configure:3167: result: yes
configure:3193: checking whether make supports nested variables
configure:3212: result: yes
configure:3226: checking xargs -n works
configure:3242: result: yes
configure:3327: checking whether UID '3304' is supported by ustar format
configure:3333: result: yes
configure:3340: checking whether GID '3304' is supported by ustar format
configure:3346: result: yes
configure:3354: checking how to create a ustar tar archive
configure:3365: tar --version
tar (GNU tar) 1.35
Copyright (C) 2023 Free Software Foundation, Inc.
License GPLv3+: GNU GPL version 3 or later <https://gnu.org/licenses/gpl.html>.
This is free software: you are free to change and redistribute it.
There is NO WARRANTY, to the extent permitted by law.

Written by John Gilmore and Jay Fenlason.
configure:3368: $? = 0
configure:3408: tardir=conftest.dir && eval tar --format=ustar -chf - "$tardir" >conftest.tar
configure:3411: $? = 0
configure:3415: tar -xf - <conftest.tar
configure:3418: $? = 0
configure:3420: cat conftest.dir/file
GrepMe
configure:3423: $? = 0
configure:3438: result: gnutar
configure:3534: checking for g++
configure:3555: found /usr/bin/g++
configure:3567: result: g++
configure:3594: checking for C++ compiler version
configure:3603: g++ --version >&5
g++ (GCC) 16.2.1 20260819 (Red Hat 16.2.1-2)
Copyright (C) 2026 Free Software Foundation, Inc.
This is free software; see the source for copying conditions.  There is NO
warranty; not even for MERCHANTABILITY or FITNESS FOR A PARTICULAR PURPOSE.

configure:3614: $? = 0
configure:3603: g++ -v >&5
Using built-in specs.
COLLECT_GCC=g++
COLLECT_LTO_WRAPPER=/usr/libexec/gcc/x86_64-redhat-linux/16/lto-wrapper
OFFLOAD_TARGET_NAMES=nvptx-none:amdgcn-amdhsa
OFFLOAD_TARGET_DEFAULT=1
Target: x86_64-redhat-linux
Configured with: ../configure --enable-bootstrap --enable-languages=c,c++,fortran,objc,obj-c++,ada,go,d,m2,cobol,algol68,lto --prefix=/usr --mandir=/usr/share/man --infodir=/usr/share/info --with-bugurl=https://bugzilla.redhat.com/ --enable-shared --enable-threads=posix --enable-checking=release --enable-multilib --with-system-zlib --enable-__cxa_atexit --disable-libunwind-exceptions --enable-gnu-unique-object --enable-linker-build-id --with-gcc-major-version-only --enable-libstdcxx-backtrace --with-libstdcxx-zoneinfo=/usr/share/zoneinfo --with-linker-hash-style=gnu --enable-plugin --enable-initfini-array --with-isl=/builddir/build/BUILD/gcc-16.2.1-build/gcc-16.2.1-20260819/obj-x86_64-redhat-linux/isl-install --enable-offload-targets=nvptx-none,amdgcn-amdhsa --enable-offload-defaulted --without-cuda-driver --enable-gnu-indirect-function --enable-cet --with-tune=generic --with-tls=gnu2 --with-arch_32=i686 --build=x86_64-redhat-linux --with-build-config=bootstrap-lto --enable-link-serialization=1 --disable-libssp
Thread model: posix
Supported LTO compression algorithms: zlib zstd
gcc version 16.2.1 20260819 (Red Hat 16.2.1-2) (GCC) 
... rest of stderr output deleted ...
configure:3614: $? = 0
configure:3603: g++ -V >&5
g++: error: unrecognized command-line option '-V'
g++: fatal error: no input files
compilation terminated.
configure:3614: $? = 1
configure:3603: g++ -qversion >&5
g++: error: unrecognized command-line option '-qversion'; did you mean '--version'?
g++: fatal error: no input files
compilation terminated.
configure:3614: $? = 1
configure:3634: checking whether the C++ compiler works
configure:3656: g++    conftest.cpp  >&5
configure:3660: $? = 0
configure:3711: result: yes
configure:3715: checking for C++ compiler default output file name
configure:3717: result: a.out
configure:3723: checking for suffix of executables
configure:3730: g++ -o conftest    conftest.cpp  >&5
configure:3734: $? = 0
configure:3758: result: 
configure:3782: checking whether we are cross compiling
configure:3790: g++ -o conftest    conftest.cpp  >&5
configure:3794: $? = 0
configure:3801: ./conftest
configure:3805: $? = 0
configure:3820: result: no
configure:3826: checking for suffix of object files
configure:3849: g++ -c   conftest.cpp >&5
configure:3853: $? = 0
configure:3877: result: o
configure:3881: checking whether the compiler supports GNU C++
configure:3901: g++ -c   conftest.cpp >&5
configure:3901: $? = 0
configure:3913: result: yes
configure:3924: checking whether g++ accepts -g
configure:3945: g++ -c -g  conftest.cpp >&5
configure:3945: $? = 0
configure:3992: result: yes
configure:4012: checking for g++ option to enable C++11 features
configure:4027: g++  -c -g -O2  conftest.cpp >&5
conftest.cpp: In function 'int main(int, char**)':
conftest.cpp:177:25: warning: empty parentheses were disambiguated as a function declaration [-Wvexing-parse]
  177 |   cxx11test::delegate d2();
      |                         ^~
conftest.cpp:177:25: note: remove parentheses to default-initialize a variable
  177 |   cxx11test::delegate d2();
      |                         ^~
      |                         --
conftest.cpp:177:25: note: or replace parentheses with braces to value-initialize a variable
configure:4027: $? = 0
configure:4046: result: none needed
configure:4118: checking whether make supports the include directive
configure:4133: make -f confmf.GNU && cat confinc.out
this is the am__doit target
configure:4136: $? = 0
configure:4155: result: yes (GNU style)
configure:4181: checking dependency style of g++
configure:4294: result: gcc3
configure:4372: checking for gcc
configure:4393: found /usr/bin/gcc
configure:4405: result: gcc
configure:4764: checking for C compiler version
configure:4773: gcc --version >&5
gcc (GCC) 16.2.1 20260819 (Red Hat 16.2.1-2)
Copyright (C) 2026 Free Software Foundation, Inc.
This is free software; see the source for copying conditions.  There is NO
warranty; not even for MERCHANTABILITY or FITNESS FOR A PARTICULAR PURPOSE.

configure:4784: $? = 0
configure:4773: gcc -v >&5
Using built-in specs.
COLLECT_GCC=gcc
COLLECT_LTO_WRAPPER=/usr/libexec/gcc/x86_64-redhat-linux/16/lto-wrapper
OFFLOAD_TARGET_NAMES=nvptx-none:amdgcn-amdhsa
OFFLOAD_TARGET_DEFAULT=1
Target: x86_64-redhat-linux
Configured with: ../configure --enable-bootstrap --enable-languages=c,c++,fortran,objc,obj-c++,ada,go,d,m2,cobol,algol68,lto --prefix=/usr --mandir=/usr/share/man --infodir=/usr/share/info --with-bugurl=https://bugzilla.redhat.com/ --enable-shared --enable-threads=posix --enable-checking=release --enable-multilib --with-system-zlib --enable-__cxa_atexit --disable-libunwind-exceptions --enable-gnu-unique-object --enable-linker-build-id --with-gcc-major-version-only --enable-libstdcxx-backtrace --with-libstdcxx-zoneinfo=/usr/share/zoneinfo --with-linker-hash-style=gnu --enable-plugin --enable-initfini-array --with-isl=/builddir/build/BUILD/gcc-16.2.1-build/gcc-16.2.1-20260819/obj-x86_64-redhat-linux/isl-install --enable-offload-targets=nvptx-none,amdgcn-amdhsa --enable-offload-defaulted --without-cuda-driver --enable-gnu-indirect-function --enable-cet --with-tune=generic --with-tls=gnu2 --with-arch_32=i686 --build=x86_64-redhat-linux --with-build-config=bootstrap-lto --enable-link-serialization=1 --disable-libssp
Thread model: posix
Supported LTO compression algorithms: zlib zstd
gcc version 16.2.1 20260819 (Red Hat 16.2.1-2) (GCC) 
... rest of stderr output deleted ...
configure:4784: $? = 0
configure:4773: gcc -V >&5
gcc: error: unrecognized command-line option '-V'
gcc: fatal error: no input files
compilation terminated.
configure:4784: $? = 1
configure:4773: gcc -qversion >&5
gcc: error: unrecognized command-line option '-qversion'; did you mean '--version'?
gcc: fatal error: no input files
compilation terminated.
configure:4784: $? = 1
configure:4773: gcc -version >&5
gcc: error: unrecognized command-line option '-version'
gcc: fatal error: no input files
compilation terminated.
configure:4784: $? = 1
configure:4788: checking whether the compiler supports GNU C
configure:4808: gcc -c   conftest.c >&5
configure:4808: $? = 0
configure:4820: result: yes
configure:4831: checking whether gcc accepts -g
configure:4852: gcc -c -g  conftest.c >&5
configure:4852: $? = 0
configure:4899: result: yes
configure:4919: checking for gcc option to enable C11 features
configure:4934: gcc  -c -g -O2  conftest.c >&5
configure:4934: $? = 0
configure:4953: result: none needed
configure:5077: checking whether gcc understands -c and -o together
configure:5100: gcc -c conftest.c -o conftest2.o
configure:5103: $? = 0
configure:5100: gcc -c conftest.c -o conftest2.o
configure:5103: $? = 0
configure:5119: result: yes
configure:5138: checking dependency style of gcc
configure:5251: result: gcc3
configure:5323: checking for ar
configure:5344: found /usr/bin/ar
configure:5356: result: ar
configure:5383: checking the archiver (ar) interface
configure:5400: gcc -c -g -O2  conftest.c >&5
configure:5400: $? = 0
configure:5403: ar cr libconftest.a conftest.o >&5
configure:5406: $? = 0
configure:5435: result: ar
configure:5520: checking for pkg-config
configure:5543: found /usr/bin/pkg-config
configure:5556: result: /usr/bin/pkg-config
configure:5581: checking pkg-config is at least version 0.9.0
configure:5584: result: yes
configure:5597: checking for hamlib
configure:5604: $PKG_CONFIG --exists --print-errors "hamlib"
configure:5607: $? = 0
configure:5621: $PKG_CONFIG --exists --print-errors "hamlib"
configure:5624: $? = 0
configure:5682: result: yes
configure:5688: checking for gnuradio-runtime gnuradio-audio gnuradio-blocks gnuradio-digital gnuradio-filter gnuradio-trellis
configure:5695: $PKG_CONFIG --exists --print-errors "gnuradio-runtime gnuradio-audio gnuradio-blocks gnuradio-digital gnuradio-filter gnuradio-trellis"
configure:5698: $? = 0
configure:5712: $PKG_CONFIG --exists --print-errors "gnuradio-runtime gnuradio-audio gnuradio-blocks gnuradio-digital gnuradio-filter gnuradio-trellis"
configure:5715: $? = 0
configure:5773: result: yes
configure:5779: checking for fmt >= 8.0.0
configure:5786: $PKG_CONFIG --exists --print-errors "fmt >= 8.0.0"
configure:5789: $? = 0
configure:5803: $PKG_CONFIG --exists --print-errors "fmt >= 8.0.0"
configure:5806: $? = 0
configure:5864: result: yes
configure:5870: checking for volk
configure:5877: $PKG_CONFIG --exists --print-errors "volk"
configure:5880: $? = 0
configure:5894: $PKG_CONFIG --exists --print-errors "volk"
configure:5897: $? = 0
configure:5955: result: yes
configure:6105: checking that generated files are newer than configure
configure:6111: result: done
configure:6150: creating ./config.status

## ---------------------- ##
## Running config.status. ##
## ---------------------- ##

This file was extended by 75fasmod config.status 0.1.0, which was
generated by GNU Autoconf 2.72.  Invocation command line was

  CONFIG_FILES    = 
  CONFIG_HEADERS  = 
  CONFIG_LINKS    = 
  CONFIG_COMMANDS = 
  $ ./config.status 

on woodard-thinkstationp620.rmtusca.csb

config.status:795: creating Makefile
config.status:795: creating Doxyfile
config.status:967: executing depfiles commands
config.status:1042: cd .       && sed -e '/# am--include-marker/d' Makefile         | make -f - am--depfiles
make: Nothing to be done for 'am--depfiles'.
config.status:1049: $? = 0

## ---------------- ##
## Cache variables. ##
## ---------------- ##

ac_cv_c_compiler_gnu=yes
ac_cv_cxx_compiler_gnu=yes
ac_cv_env_CCC_set=
ac_cv_env_CCC_value=
ac_cv_env_CC_set=
ac_cv_env_CC_value=
ac_cv_env_CFLAGS_set=
ac_cv_env_CFLAGS_value=
ac_cv_env_CPPFLAGS_set=
ac_cv_env_CPPFLAGS_value=
ac_cv_env_CXXFLAGS_set=
ac_cv_env_CXXFLAGS_value=
ac_cv_env_CXX_set=
ac_cv_env_CXX_value=
ac_cv_env_FMT_CFLAGS_set=
ac_cv_env_FMT_CFLAGS_value=
ac_cv_env_FMT_LIBS_set=
ac_cv_env_FMT_LIBS_value=
ac_cv_env_GNURADIO_CFLAGS_set=
ac_cv_env_GNURADIO_CFLAGS_value=
ac_cv_env_GNURADIO_LIBS_set=
ac_cv_env_GNURADIO_LIBS_value=
ac_cv_env_HAMLIB_CFLAGS_set=
ac_cv_env_HAMLIB_CFLAGS_value=
ac_cv_env_HAMLIB_LIBS_set=
ac_cv_env_HAMLIB_LIBS_value=
ac_cv_env_LDFLAGS_set=
ac_cv_env_LDFLAGS_value=
ac_cv_env_LIBS_set=
ac_cv_env_LIBS_value=
ac_cv_env_PKG_CONFIG_LIBDIR_set=
ac_cv_env_PKG_CONFIG_LIBDIR_value=
ac_cv_env_PKG_CONFIG_PATH_set=set
ac_cv_env_PKG_CONFIG_PATH_value=/home/woodard/.local/lib/pkgconfig:/home/woodard/.local/lib64/pkgconfig:/home/woodard/.local/lib/pkgconfig:/home/woodard/.local/lib64/pkgconfig:
ac_cv_env_PKG_CONFIG_set=
ac_cv_env_PKG_CONFIG_value=
ac_cv_env_VOLK_CFLAGS_set=
ac_cv_env_VOLK_CFLAGS_value=
ac_cv_env_VOLK_LIBS_set=
ac_cv_env_VOLK_LIBS_value=
ac_cv_env_build_alias_set=
ac_cv_env_build_alias_value=
ac_cv_env_host_alias_set=
ac_cv_env_host_alias_value=
ac_cv_env_target_alias_set=
ac_cv_env_target_alias_value=
ac_cv_objext=o
ac_cv_path_ac_pt_PKG_CONFIG=/usr/bin/pkg-config
ac_cv_path_install='/usr/bin/install -c'
ac_cv_path_mkdir=/usr/bin/mkdir
ac_cv_prog_AWK=gawk
ac_cv_prog_ac_ct_AR=ar
ac_cv_prog_ac_ct_CC=gcc
ac_cv_prog_ac_ct_CXX=g++
ac_cv_prog_cc_c11=
ac_cv_prog_cc_g=yes
ac_cv_prog_cc_stdc=
ac_cv_prog_cxx_cxx11=
ac_cv_prog_cxx_g=yes
ac_cv_prog_cxx_stdcxx=
ac_cv_prog_make_make_set=yes
am_cv_CC_dependencies_compiler_type=gcc3
am_cv_CXX_dependencies_compiler_type=gcc3
am_cv_ar_interface=ar
am_cv_filesystem_timestamp_resolution=0.01
am_cv_make_support_nested_variables=yes
am_cv_prog_cc_c_o=yes
am_cv_prog_tar_ustar=gnutar
am_cv_sleep_fractional_seconds=yes
am_cv_xargs_n_works=yes
pkg_cv_FMT_CFLAGS=
pkg_cv_FMT_LIBS=-lfmt
pkg_cv_GNURADIO_CFLAGS=-I/home/woodard/.local/include
pkg_cv_GNURADIO_LIBS='-L/home/woodard/.local/lib64 -lgnuradio-audio -lgnuradio-blocks -lgnuradio-digital -lgnuradio-filter -lgnuradio-fft -lgnuradio-trellis -lgnuradio-runtime -lgnuradio-pmt'
pkg_cv_HAMLIB_CFLAGS=-I/home/woodard/.local/include
pkg_cv_HAMLIB_LIBS='-L/home/woodard/.local/lib -lhamlib'
pkg_cv_VOLK_CFLAGS=-I/home/woodard/.local/include
pkg_cv_VOLK_LIBS='-L/home/woodard/.local/lib64 -lvolk'

## ----------------- ##
## Output variables. ##
## ----------------- ##

ACLOCAL='${SHELL} '\''/home/woodard/src/75fasmod/missing'\'' aclocal-1.18'
AMDEPBACKSLASH='\'
AMDEP_FALSE='#'
AMDEP_TRUE=''
AMTAR='$${TAR-tar}'
AM_BACKSLASH='\'
AM_DEFAULT_V='$(AM_DEFAULT_VERBOSITY)'
AM_DEFAULT_VERBOSITY='1'
AM_V='$(V)'
AR='ar'
AUTOCONF='${SHELL} '\''/home/woodard/src/75fasmod/missing'\'' autoconf'
AUTOHEADER='${SHELL} '\''/home/woodard/src/75fasmod/missing'\'' autoheader'
AUTOMAKE='${SHELL} '\''/home/woodard/src/75fasmod/missing'\'' automake-1.18'
AWK='gawk'
CC='gcc'
CCDEPMODE='depmode=gcc3'
CFLAGS='-g -O2'
CPPFLAGS=''
CSCOPE='cscope'
CTAGS='ctags'
CXX='g++'
CXXDEPMODE='depmode=gcc3'
CXXFLAGS='-g -O2 -std=c++20'
CYGPATH_W='echo'
DEFS='-DPACKAGE_NAME=\"75fasmod\" -DPACKAGE_TARNAME=\"75fasmod\" -DPACKAGE_VERSION=\"0.1.0\" -DPACKAGE_STRING=\"75fasmod\ 0.1.0\" -DPACKAGE_BUGREPORT=\"your.email@example.com\" -DPACKAGE_URL=\"\" -DPACKAGE=\"75fasmod\" -DVERSION=\"0.1.0\"'
DEPDIR='.deps'
ECHO_C=''
ECHO_N='-n'
ECHO_T=''
ETAGS='etags'
EXEEXT=''
FMT_CFLAGS=''
FMT_LIBS='-lfmt'
GNURADIO_CFLAGS='-I/home/woodard/.local/include'
GNURADIO_LIBS='-L/home/woodard/.local/lib64 -lgnuradio-audio -lgnuradio-blocks -lgnuradio-digital -lgnuradio-filter -lgnuradio-fft -lgnuradio-trellis -lgnuradio-runtime -lgnuradio-pmt'
HAMLIB_CFLAGS='-I/home/woodard/.local/include'
HAMLIB_LIBS='-L/home/woodard/.local/lib -lhamlib'
INSTALL_DATA='${INSTALL} -m 644'
INSTALL_PROGRAM='${INSTALL}'
INSTALL_SCRIPT='${INSTALL}'
INSTALL_STRIP_PROGRAM='$(install_sh) -c -s'
LDFLAGS=''
LIBOBJS=''
LIBS=''
LTLIBOBJS=''
MAKEINFO='${SHELL} '\''/home/woodard/src/75fasmod/missing'\'' makeinfo'
MKDIR_P='/usr/bin/mkdir -p'
OBJEXT='o'
PACKAGE='75fasmod'
PACKAGE_BUGREPORT='your.email@example.com'
PACKAGE_NAME='75fasmod'
PACKAGE_STRING='75fasmod 0.1.0'
PACKAGE_TARNAME='75fasmod'
PACKAGE_URL=''
PACKAGE_VERSION='0.1.0'
PATH_SEPARATOR=':'
PKG_CONFIG='/usr/bin/pkg-config'
PKG_CONFIG_LIBDIR=''
PKG_CONFIG_PATH='/home/woodard/.local/lib/pkgconfig:/home/woodard/.local/lib64/pkgconfig:/home/woodard/.local/lib/pkgconfig:/home/woodard/.local/lib64/pkgconfig:'
SET_MAKE=''
SHELL='/bin/sh'
STRIP=''
VERSION='0.1.0'
VOLK_CFLAGS='-I/home/woodard/.local/include'
VOLK_LIBS='-L/home/woodard/.local/lib64 -lvolk'
ac_ct_AR='ar'
ac_ct_CC='gcc'
ac_ct_CXX='g++'
am__EXEEXT_FALSE=''
am__EXEEXT_TRUE='#'
am__fastdepCC_FALSE='#'
am__fastdepCC_TRUE=''
am__fastdepCXX_FALSE='#'
am__fastdepCXX_TRUE=''
am__include='include'
am__isrc=''
am__leading_dot='.'
am__nodep='_no'
am__quote=''
am__rm_f_notfound=''
am__tar='tar --format=ustar -chf - "$$tardir"'
am__untar='tar -xf -'
am__xargs_n='xargs -n'
bindir='${exec_prefix}/bin'
build_alias=''
datadir='${datarootdir}'
datarootdir='${prefix}/share'
docdir='${datarootdir}/doc/${PACKAGE_TARNAME}'
dvidir='${docdir}'
exec_prefix='${prefix}'
host_alias=''
htmldir='${docdir}'
includedir='${prefix}/include'
infodir='${datarootdir}/info'
install_sh='${SHELL} /home/woodard/src/75fasmod/install-sh'
libdir='${exec_prefix}/lib'
libexecdir='${exec_prefix}/libexec'
localedir='${datarootdir}/locale'
localstatedir='${prefix}/var'
mandir='${datarootdir}/man'
mkdir_p='$(MKDIR_P)'
oldincludedir='/usr/include'
pdfdir='${docdir}'
prefix='/home/woodard/.local'
program_transform_name='s,x,x,'
psdir='${docdir}'
runstatedir='${localstatedir}/run'
sbindir='${exec_prefix}/sbin'
sharedstatedir='${prefix}/com'
sysconfdir='${prefix}/etc'
target_alias=''

## ----------- ##
## confdefs.h. ##
## ----------- ##

/* confdefs.h */
#define PACKAGE_NAME "75fasmod"
#define PACKAGE_TARNAME "75fasmod"
#define PACKAGE_VERSION "0.1.0"
#define PACKAGE_STRING "75fasmod 0.1.0"
#define PACKAGE_BUGREPORT "your.email@example.com"
#define PACKAGE_URL ""
#define PACKAGE "75fasmod"
#define VERSION "0.1.0"

configure: exit 0
